[33m❯[39m Building...
[31m✖[39m Building... [31m[FAILED: The service was stopped][39m
